/coc/flash7/paphiwetsa3/projects/EgoVerse-gmm/.venv/lib/python3.11/site-packages/torch/cuda/__init__.py:61: FutureWarning: The pynvml package is deprecated. Please install nvidia-ml-py instead. If you did not install pynvml directly, please report this to the maintainers of the package that installed pynvml for you.
  import pynvml  # type: ignore[import]
[2026-06-16 01:46:24,733][egomimic.pl_utils.utils][WARNING] - [rank: 0] Extras config not found! <cfg.extras=null>
model:
  _target_: egomimic.pl_utils.pl_model.ModelWrapper
  robomimic_model:
    _target_: egomimic.algo.hnet.PackedAlgoBase
    d_cond: 256
    domains:
    - pushshapes_sim
    - pushshapes_sim_small_circle
    ac_keys:
      pushshapes_sim: actions
      pushshapes_sim_small_circle: actions
    loss:
      _target_: egomimic.algo.hnet.GMMLoss
    outer_stage:
      _target_: egomimic.algo.hnet.HNetOuterStage
      action_dim: 2
      action_horizon: 2560
      d_model: 128
      action_head_type: gmm
      gmm_head:
        _target_: egomimic.models.heads.gmm_head.GMMActionHead
        d_model: 128
        action_dim: 2
        num_modes: 32
        chunk_len: 8
        min_std: 0.0001
        std_activation: softplus
        low_noise_eval: true
        head_hidden_dim: 1024
        head_n_layers: 3
      cond_encoder:
        _target_: egomimic.models.stems.cond_encoders.CondEncoderModule
        d_cond: 256
        output_key: fused_cond
        obs_specs: {}
        img_encoders: {}
      input_modules:
      - _target_: egomimic.models.stems.input_modules.ObsToken
        d_model: 128
        obs_encoder:
          _target_: egomimic.models.stems.cond_encoders.CondEncoderModule
          d_cond: 128
          output_key: fused_cond
          cond_proj_widths:
          - 256
          - 256
          obs_specs:
            state_agent_obj:
              input_dim: 5
              embed_dim: 96
              widths:
              - 192
          img_encoders:
            front_img_1:
              _target_: egomimic.models.stems.visual_core.VisualCore
              in_channels: 3
              image_size: 96
              num_kp: 48
              feature_dimension: 96
              pretrained: false
              crop_aug: true
              crop_height: 86
              crop_width: 86
              crop_eval_mode: random
              crop_sample_mode: v02
      hnet:
        _target_: egomimic.models.hnet.hnet.HNet
        stages:
        - _target_: egomimic.models.hnet.per_embodiment_stage.PerEmbodimentStage
          sub_stages:
            pushshapes_sim:
              _target_: egomimic.models.hnet.stages.ChunkerStage
              input_hidden_dim: 128
              output_hidden_dim: 128
              target_compression_ratio: 2.0
              ratio_loss_weight: 0.03
              cond_key: null
            pushshapes_sim_small_circle:
              _target_: egomimic.models.hnet.stages.ChunkerStage
              input_hidden_dim: 128
              output_hidden_dim: 128
              target_compression_ratio: 2.0
              ratio_loss_weight: 0.03
              cond_key: null
        - _target_: egomimic.models.hnet.stages.ChunkerStage
          input_hidden_dim: 128
          output_hidden_dim: 256
          target_compression_ratio: 2.0
          ratio_loss_weight: 0.03
          cond_key: null
        - _target_: egomimic.models.hnet.stages.ChunkerStage
          input_hidden_dim: 256
          output_hidden_dim: 512
          target_compression_ratio: 2.0
          ratio_loss_weight: 0.03
          cond_key: null
        - _target_: egomimic.models.hnet.stages.ComputeStage
          input_hidden_dim: 512
          output_hidden_dim: 512
          cond_key: null
          d_cond: 0
          causal: true
          main_network:
            arch_layout: T6
            d_model: 512
            d_intermediate: 1536
            num_heads: 16
            cond: false
            rotary_emb_dim: 32
            dropout: 0.0
            resid_dropout: 0.0
  enable_grad_norm: false
  optimizer:
    _target_: torch.optim.AdamW
    _partial_: true
    lr: 0.0001
    weight_decay: 0.0
  scheduler:
    _target_: egomimic.utils.schedulers.warmup_cosine_scheduler
    _partial_: true
    max_steps: 200000
    warmup_steps: 2000
    warmup_start_factor: 0.1
    eta_min: 1.0e-06
paths:
  log_dir: ${paths.root_dir}/logs/
  output_dir: ${hydra:runtime.output_dir}
  work_dir: ${hydra:runtime.cwd}
trainer:
  _target_: lightning.pytorch.trainer.Trainer
  default_root_dir: ${paths.output_dir}
  max_epochs: 2
  min_epochs: 1
  accelerator: gpu
  devices: ${eval:'${launch_params.gpus_per_node} * ${launch_params.nodes}'}
  precision: 32
  limit_train_batches: 4
  limit_val_batches: 1
  check_val_every_n_epoch: 999
  deterministic: false
  strategy: ddp
  num_nodes: ${launch_params.nodes}
  sync_batchnorm: true
  num_sanity_val_steps: 0
logger:
  csv:
    _target_: lightning.pytorch.loggers.CSVLogger
    save_dir: ${paths.output_dir}/csv_logs
    name: lightning_logs
    version: null
    flush_logs_every_n_steps: 1
data:
  _target_: egomimic.pl_utils.pl_data_utils.MultiDataModuleWrapper
  train_datasets:
    pushshapes_sim:
      _target_: egomimic.rldb.zarr.zarr_dataset_packed.ZarrEpisodePackedDataset.from_resolver
      resolver:
        _target_: egomimic.rldb.zarr.zarr_dataset_multi.LocalEpisodeResolver
        folder_path: /coc/flash7/paphiwetsa3/datasets/circle_3000
        key_map:
          _target_: egomimic.rldb.embodiment.pushshapes.get_keymap
          action_horizon: 2560
        transform_list: null
      chunking: none
      min_seq_len: 64
      max_seq_len: 2560
    pushshapes_sim_small_circle:
      _target_: egomimic.rldb.zarr.zarr_dataset_packed.ZarrEpisodePackedDataset.from_resolver
      resolver:
        _target_: egomimic.rldb.zarr.zarr_dataset_multi.LocalEpisodeResolverWithEmbodimentOverride
        folder_path: /coc/flash7/paphiwetsa3/datasets/small_circle_3000
        embodiment_override: pushshapes_sim_small_circle
        key_map:
          _target_: egomimic.rldb.embodiment.pushshapes.get_keymap
          action_horizon: 2560
        transform_list: null
      chunking: none
      min_seq_len: 64
      max_seq_len: 2560
  valid_datasets:
    pushshapes_sim:
      _target_: egomimic.rldb.zarr.zarr_dataset_packed.ZarrEpisodePackedDataset.from_resolver
      resolver:
        _target_: egomimic.rldb.zarr.zarr_dataset_multi.LocalEpisodeResolver
        folder_path: /coc/flash7/paphiwetsa3/datasets/circle_3000
        key_map:
          _target_: egomimic.rldb.embodiment.pushshapes.get_keymap
          action_horizon: 2560
        transform_list: null
      chunking: none
      min_seq_len: 64
      max_seq_len: 2560
    pushshapes_sim_small_circle:
      _target_: egomimic.rldb.zarr.zarr_dataset_packed.ZarrEpisodePackedDataset.from_resolver
      resolver:
        _target_: egomimic.rldb.zarr.zarr_dataset_multi.LocalEpisodeResolverWithEmbodimentOverride
        folder_path: /coc/flash7/paphiwetsa3/datasets/small_circle_3000
        embodiment_override: pushshapes_sim_small_circle
        key_map:
          _target_: egomimic.rldb.embodiment.pushshapes.get_keymap
          action_horizon: 2560
        transform_list: null
      chunking: none
      min_seq_len: 64
      max_seq_len: 2560
  train_dataloader_params:
    pushshapes_sim:
      batch_size: 16
      num_workers: 8
      pin_memory: true
      persistent_workers: true
      prefetch_factor: 4
    pushshapes_sim_small_circle:
      batch_size: 16
      num_workers: 8
      pin_memory: true
      persistent_workers: true
      prefetch_factor: 4
  valid_dataloader_params:
    pushshapes_sim:
      batch_size: 16
      num_workers: 8
      pin_memory: true
      persistent_workers: true
      prefetch_factor: 4
    pushshapes_sim_small_circle:
      batch_size: 16
      num_workers: 8
      pin_memory: true
      persistent_workers: true
      prefetch_factor: 4
callbacks:
  wandb_profiler:
    _target_: egomimic.pl_utils.callbacks.timing_callback.WandbProfilerLogger
    log_every_n_steps: 100
  model_checkpoint:
    _target_: lightning.pytorch.callbacks.ModelCheckpoint
    dirpath: ${paths.output_dir}/checkpoints
    filename: epoch_{epoch}
    save_last: true
    save_top_k: -1
    every_n_epochs: 100
evaluator:
  _target_: egomimic.eval.core.eval_composite.EvalList
  evals:
  - _target_: egomimic.eval.core.eval_composite.EvalVideoList
    pad_h: max
    below_indices:
    - 2
    limit_val_batches: 2
    evals:
    - _target_: egomimic.eval.core.eval_hnet.HNetEvalVideo
      limit_val_batches: 2
      max_videos: 2
      viz_func:
[rank: 0] Seed set to 42
        pushshapes_sim:
          _target_: hydra.utils.get_method
          path: egomimic.rldb.embodiment.pushshapes.viz_gt_preds
        pushshapes_sim_small_circle:
          _target_: hydra.utils.get_method
          path: egomimic.rldb.embodiment.pushshapes.viz_gt_preds
    - _target_: egomimic.eval.probes.eval_pca_tokens.PCATokenEval
      limit_val_batches: 2
      max_videos: 2
      panel_h: 384
      panel_w: 384
      n_components: 2
    - _target_: egomimic.eval.probes.eval_boundary_strip.BoundaryStripEval
      limit_val_batches: 2
      max_videos: 2
      window: 256
      strip_width: 24
      pixels_per_step: 1
  - _target_: egomimic.eval.core.eval_sim.HNetSimEval
    limit_val_batches: 2
    max_videos: 2
    env_kwargs:
      object_shape: T
      pusher_shape: circle
      obstacle_level: 0
      image_size: 96
    init_mode: replay
name: smoke_taper128_c8r2
description: smoke
ckpt_path: null
mode: train
launch_params:
  gpus_per_node: 1
  nodes: 1
seed: 42
norm_stats:
  norm_mode: minmax
  sample_frac: 0.02
  num_workers: 4
  save_cache_dir: ${hydra:runtime.output_dir}
  precomputed_norm_path: null
reject_outliers: true
