OK   model/_bcrnn_common  [compose:train_zarr_cartesian model=_bcrnn_common]
OK   model/_bcrnn_paperexact_common  [compose:train_zarr_cartesian model=_bcrnn_paperexact_common]
OK   model/_bcrnn_paperexact_tx_common  [compose:train_zarr_cartesian model=_bcrnn_paperexact_tx_common]
OK   model/act  [compose:train_zarr_cartesian model=act]
OK   model/bc_rnn_pushshapes  [compose:train_zarr_cartesian model=bc_rnn_pushshapes]
OK   model/bc_rnn_pushshapes_cos  [compose:train_zarr_cartesian model=bc_rnn_pushshapes_cos]
OK   model/bc_rnn_pushshapes_minmax  [compose:train_zarr_cartesian model=bc_rnn_pushshapes_minmax]
OK   model/bc_rnn_pushshapes_minmax_crop  [compose:train_zarr_cartesian model=bc_rnn_pushshapes_minmax_crop]
OK   model/bc_rnn_pushshapes_minmax_crop_cos  [compose:train_zarr_cartesian model=bc_rnn_pushshapes_minmax_crop_cos]
OK   model/bc_rnn_pushshapes_paperexact  [compose:train_zarr_cartesian model=bc_rnn_pushshapes_paperexact]
OK   model/bc_rnn_pushshapes_paperexact_hnet  [compose:train_zarr_cartesian model=bc_rnn_pushshapes_paperexact_hnet]
OK   model/bc_rnn_pushshapes_paperexact_hnet_chunk8  [compose:train_zarr_cartesian model=bc_rnn_pushshapes_paperexact_hnet_chunk8]
OK   model/bc_rnn_pushshapes_paperexact_hnet_chunk8_fullhist  [compose:train_zarr_cartesian model=bc_rnn_pushshapes_paperexact_hnet_chunk8_fullhist]
OK   model/bc_rnn_pushshapes_paperexact_hnet_chunk8_fullhist_ratio  [compose:train_zarr_cartesian model=bc_rnn_pushshapes_paperexact_hnet_chunk8_fullhist_ratio]
OK   model/bc_rnn_pushshapes_paperexact_tx  [compose:train_zarr_cartesian model=bc_rnn_pushshapes_paperexact_tx]
OK   model/bc_rnn_pushshapes_paperexact_tx_chunk16  [compose:train_zarr_cartesian model=bc_rnn_pushshapes_paperexact_tx_chunk16]
OK   model/bc_rnn_pushshapes_paperexact_tx_chunk4_q  [compose:train_zarr_cartesian model=bc_rnn_pushshapes_paperexact_tx_chunk4_q]
OK   model/bc_rnn_pushshapes_paperexact_tx_chunk8  [compose:train_zarr_cartesian model=bc_rnn_pushshapes_paperexact_tx_chunk8]
OK   model/bc_rnn_pushshapes_paperexact_tx_chunk8_q  [compose:train_zarr_cartesian model=bc_rnn_pushshapes_paperexact_tx_chunk8_q]
OK   model/bc_rnn_pushshapes_paperexact_tx_cos  [compose:train_zarr_cartesian model=bc_rnn_pushshapes_paperexact_tx_cos]
OK   model/bc_rnn_pushshapes_paperexact_tx_cos_lowlr  [compose:train_zarr_cartesian model=bc_rnn_pushshapes_paperexact_tx_cos_lowlr]
OK   model/egobridge  [compose:train_zarr_cartesian model=egobridge]
OK   model/hnet_pushshapes  [compose:train_zarr_cartesian model=hnet_pushshapes]
OK   model/hnet_pushshapes_big  [compose:train_zarr_cartesian model=hnet_pushshapes_big]
OK   model/hnet_pushshapes_chunktoken  [compose:train_zarr_cartesian model=hnet_pushshapes_chunktoken]
OK   model/hnet_pushshapes_chunktoken_hptfull  [compose:train_zarr_cartesian model=hnet_pushshapes_chunktoken_hptfull]
OK   model/hnet_pushshapes_crossattn  [compose:train_zarr_cartesian model=hnet_pushshapes_crossattn]
OK   model/hnet_pushshapes_fused  [compose:train_zarr_cartesian model=hnet_pushshapes_fused]
OK   model/hnet_pushshapes_fused_ar_crossattn_resnet  [compose:train_zarr_cartesian model=hnet_pushshapes_fused_ar_crossattn_resnet]
OK   model/hnet_pushshapes_fused_goal  [compose:train_zarr_cartesian model=hnet_pushshapes_fused_goal]
OK   model/hnet_pushshapes_fused_lowlr  [compose:train_zarr_cartesian model=hnet_pushshapes_fused_lowlr]
OK   model/hnet_pushshapes_fused_pusher  [compose:train_zarr_cartesian model=hnet_pushshapes_fused_pusher]
OK   model/hnet_pushshapes_fused_pusher_resnet  [compose:train_zarr_cartesian model=hnet_pushshapes_fused_pusher_resnet]
OK   model/hnet_pushshapes_fused_windowed  [compose:train_zarr_cartesian model=hnet_pushshapes_fused_windowed]
OK   model/hnet_pushshapes_fused_windowed_crossattn_resnet  [compose:train_zarr_cartesian model=hnet_pushshapes_fused_windowed_crossattn_resnet]
OK   model/hnet_pushshapes_fused_windowed_crossattn_resnet_lowlr  [compose:train_zarr_cartesian model=hnet_pushshapes_fused_windowed_crossattn_resnet_lowlr]
OK   model/hnet_pushshapes_fused_windowed_resnet  [compose:train_zarr_cartesian model=hnet_pushshapes_fused_windowed_resnet]
OK   model/hnet_pushshapes_fused_windowed_resnet_cos15  [compose:train_zarr_cartesian model=hnet_pushshapes_fused_windowed_resnet_cos15]
OK   model/hnet_pushshapes_goal  [compose:train_zarr_cartesian model=hnet_pushshapes_goal]
OK   model/hnet_pushshapes_recipe  [compose:train_zarr_cartesian model=hnet_pushshapes_recipe]
OK   model/hpt_bc_flow_aria  [compose:train_zarr_cartesian model=hpt_bc_flow_aria]
OK   model/hpt_bc_flow_eva  [compose:train_zarr_cartesian model=hpt_bc_flow_eva]
OK   model/hpt_bc_flow_mecka  [compose:train_zarr_cartesian model=hpt_bc_flow_mecka]
OK   model/hpt_bc_flow_pushshapes  [rawload, compose unresolvable]
OK   model/hpt_bc_flow_scale  [compose:train_zarr_cartesian model=hpt_bc_flow_scale]
OK   model/hpt_bc_keypoints_base  [compose:train_zarr_cartesian model=hpt_bc_keypoints_base]
OK   model/hpt_bc_pickplace_qwen_pertoken  [compose:train_zarr_cartesian model=hpt_bc_pickplace_qwen_pertoken]
OK   model/hpt_bc_pickplace_qwen_pooled  [compose:train_zarr_cartesian model=hpt_bc_pickplace_qwen_pooled]
OK   model/hpt_cotrain_enc_dec_base  [compose:train_zarr_cartesian model=hpt_cotrain_enc_dec_base]
OK   model/hpt_cotrain_flow_seperate_head  [compose:train_zarr_cartesian model=hpt_cotrain_flow_seperate_head]
OK   model/hpt_cotrain_flow_shared_head  [compose:train_zarr_cartesian model=hpt_cotrain_flow_shared_head]
OK   model/hpt_cotrain_mecka_flow_shared_head  [compose:train_zarr_cartesian model=hpt_cotrain_mecka_flow_shared_head]
OK   model/hpt_cotrain_scale_flow_shared_head  [compose:train_zarr_cartesian model=hpt_cotrain_scale_flow_shared_head]
OK   model/hpt_pushshapes_circle  [compose:train_zarr_cartesian model=hpt_pushshapes_circle]
OK   model/hpt_pushshapes_circle_regression  [compose:train_zarr_cartesian model=hpt_pushshapes_circle_regression]
OK   model/hpt_pushshapes_simpleconv  [compose:train_zarr_cartesian model=hpt_pushshapes_simpleconv]
OK   model/pi0.5_base  [compose:train_zarr_cartesian_pi model=pi0.5_base]
OK   model/pi0.5_bc_aria  [compose:train_zarr_cartesian_pi model=pi0.5_bc_aria]
OK   model/pi0.5_bc_eva  [compose:train_zarr_cartesian_pi model=pi0.5_bc_eva]
OK   model/pi0.5_bc_mecka  [compose:train_zarr_cartesian_pi model=pi0.5_bc_mecka]
OK   model/pi0.5_bc_scale  [compose:train_zarr_cartesian_pi model=pi0.5_bc_scale]
OK   model/pi0.5_cotrain_eva_aria  [compose:train_zarr_cartesian_pi model=pi0.5_cotrain_eva_aria]
OK   model/pi0.5_cotrain_mecka_scale  [compose:train_zarr_cartesian_pi model=pi0.5_cotrain_mecka_scale]
OK   data/aria  [rawload, compose failed]
OK   data/aria_keypoints  [rawload, compose failed]
OK   data/aria_keypoints_wrist  [rawload, compose failed]
OK   data/aria_pi  [rawload, compose failed]
OK   data/aria_qwen  [rawload, compose failed]
OK   data/bc_pickplace_eva_qwen  [compose data=bc_pickplace_eva_qwen]
OK   data/cotrain_pi_base  [rawload, compose failed]
OK   data/cotrain_pi_lang  [rawload, compose failed]
OK   data/cotrain_pi_lang_wrist  [rawload, compose failed]
OK   data/cotrain_pi_latent  [rawload, compose failed]
OK   data/cotrain_pi_no_lang  [rawload, compose failed]
OK   data/cotrain_pi_pickplace_qwen  [compose data=cotrain_pi_pickplace_qwen]
OK   data/cotrain_pickplace_qwen  [compose data=cotrain_pickplace_qwen]
OK   data/cotrain_pickplace_qwen_objgen  [compose data=cotrain_pickplace_qwen_objgen]
OK   data/cotrain_pickplace_qwen_wrist  [compose data=cotrain_pickplace_qwen_wrist]
OK   data/eva  [rawload, compose failed]
OK   data/eva_pi  [rawload, compose failed]
OK   data/eva_pi_lang  [rawload, compose failed]
OK   data/industry_eva_pi  [rawload, compose failed]
OK   data/mecka  [rawload, compose failed]
OK   data/mecka_pi  [rawload, compose failed]
OK   data/mecka_scale_cotrain_pi  [rawload, compose failed]
OK   data/scale  [rawload, compose failed]
OK   data/scale_pi  [rawload, compose failed]
OK   data/tsimulation  [compose data=tsimulation]
OK   data/tsimulation_delta  [compose data=tsimulation_delta]
OK   data/tsimulation_hpt  [compose data=tsimulation_hpt]
OK   data/tsimulation_hpt_causal  [compose data=tsimulation_hpt_causal]
OK   data/tsimulation_hpt_fast  [compose data=tsimulation_hpt_fast]
OK   evaluator/eval_hnet  [compose evaluator=eval_hnet]
OK   evaluator/eval_hnet_full  [compose evaluator=eval_hnet_full]
OK   evaluator/eval_hnet_sim  [compose evaluator=eval_hnet_sim]
OK   evaluator/eval_hnet_sim_cotrain  [compose evaluator=eval_hnet_sim_cotrain]
OK   evaluator/eval_hpt  [compose evaluator=eval_hpt]
OK   evaluator/eval_hpt_standard  [compose evaluator=eval_hpt_standard]
OK   evaluator/eval_hpt_wrist  [compose evaluator=eval_hpt_wrist]
OK   evaluator/eval_latent  [compose evaluator=eval_latent]
OK   evaluator/eval_pi  [compose evaluator=eval_pi]
OK   evaluator/eval_sim_only  [compose evaluator=eval_sim_only]
OK   evaluator/eval_standard  [compose evaluator=eval_standard]
OK   trainer/ddp  [rawload, compose failed]
OK   trainer/ddp_pi  [rawload, compose failed]
OK   trainer/debug  [rawload, compose failed]
OK   trainer/default  [rawload, compose failed]
OK   callbacks/checkpoints  [rawload, compose failed]
OK   callbacks/defaults  [compose callbacks=defaults]
OK   logger/csv  [rawload, compose failed]
OK   logger/debug  [compose logger=debug]
OK   logger/wandb  [rawload, compose failed]
OK   paths/default  [rawload, compose failed]
OK   data_schematic/default  [rawload, compose failed]
OK   data_schematic/hpt  [rawload, compose failed]
OK   hydra/launcher/submitit  [rawload]
OK   hydra/launcher/submitit_pace  [rawload]
OK   hydra/launcher/submitit_skynet  [rawload]
OK   evaluator/viz/cartesian  [rawload]
OK   evaluator/viz/cartesian_wrist  [rawload]
OK   evaluator/viz/cartesian_wrist_lang  [rawload]
OK   evaluator/viz/cotrain_lang  [rawload]
OK   evaluator/viz/keypoints  [rawload]
OK   evaluator/viz/keypoints_wrist  [rawload]
OK   evaluator/viz/pi_cartesian  [rawload]
OK   evaluator/viz/pi_cartesian_lang  [rawload]
OK   evaluator/viz/pi_cartesian_lang_wrist  [rawload]
OK   entry_train_zarr_cartesian  [rawload, compose failed]
OK   entry_train_zarr_cartesian_pi  [rawload, compose failed]
OK   entry_train_zarr_keypoints  [rawload, compose failed]
OK   entry_train_zarr_keypoint_wrist  [rawload, compose failed]
OK   entry_viz_language  [rawload, compose failed]

SUMMARY ok=132 fail=0
